C:/Kevin Barr MSc/RTG FINAL FINAL V2 FINAL/DXTK-Sample-Practice/C++/stdafx.cpp
C:/Kevin Barr MSc/RTG FINAL FINAL V2 FINAL/DXTK-Sample-Practice/C++/stdafx.h
C:/Kevin Barr MSc/RTG FINAL FINAL V2 FINAL/DXTK-Sample-Practice/C++/resource.h
C:/Kevin Barr MSc/RTG FINAL FINAL V2 FINAL/DXTK-Sample-Practice/C++/Game.h
C:/Kevin Barr MSc/RTG FINAL FINAL V2 FINAL/DXTK-Sample-Practice/C++/Camera.h
C:/Kevin Barr MSc/RTG FINAL FINAL V2 FINAL/DXTK-Sample-Practice/C++/DXTKModule.h
C:/Kevin Barr MSc/RTG FINAL FINAL V2 FINAL/DXTK-Sample-Practice/C++/Window.h
C:/Kevin Barr MSc/RTG FINAL FINAL V2 FINAL/DXTK-Sample-Practice/C++/BasicLogger.h
C:/Kevin Barr MSc/RTG FINAL FINAL V2 FINAL/DXTK-Sample-Practice/C++/ConfigLoader.h
C:/Kevin Barr MSc/RTG FINAL FINAL V2 FINAL/DXTK-Sample-Practice/C++/CameraManager.h
C:/Kevin Barr MSc/RTG FINAL FINAL V2 FINAL/DXTK-Sample-Practice/C++/GraphicsManager.h
C:/Kevin Barr MSc/RTG FINAL FINAL V2 FINAL/DXTK-Sample-Practice/C++/InputManager.h
C:/Kevin Barr MSc/RTG FINAL FINAL V2 FINAL/DXTK-Sample-Practice/C++/TimeManager.h
C:/Kevin Barr MSc/RTG FINAL FINAL V2 FINAL/DXTK-Sample-Practice/C++/Dome.h
C:/Kevin Barr MSc/RTG FINAL FINAL V2 FINAL/DXTK-Sample-Practice/C++/Dragonfly.h
C:/Kevin Barr MSc/RTG FINAL FINAL V2 FINAL/DXTK-Sample-Practice/C++/GameObject.h
C:/Kevin Barr MSc/RTG FINAL FINAL V2 FINAL/DXTK-Sample-Practice/C++/Platform.h
C:/Kevin Barr MSc/RTG FINAL FINAL V2 FINAL/DXTK-Sample-Practice/C++/Twig.h
C:/Kevin Barr MSc/RTG FINAL FINAL V2 FINAL/DXTK-Sample-Practice/C++/Transform.h
C:/Kevin Barr MSc/RTG FINAL FINAL V2 FINAL/DXTK-Sample-Practice/C++/Game.cpp
C:/Kevin Barr MSc/RTG FINAL FINAL V2 FINAL/DXTK-Sample-Practice/C++/Camera.cpp
C:/Kevin Barr MSc/RTG FINAL FINAL V2 FINAL/DXTK-Sample-Practice/C++/DXTKModule.cpp
C:/Kevin Barr MSc/RTG FINAL FINAL V2 FINAL/DXTK-Sample-Practice/C++/Window.cpp
C:/Kevin Barr MSc/RTG FINAL FINAL V2 FINAL/DXTK-Sample-Practice/C++/BasicLogger.cpp
C:/Kevin Barr MSc/RTG FINAL FINAL V2 FINAL/DXTK-Sample-Practice/C++/CameraManager.cpp
C:/Kevin Barr MSc/RTG FINAL FINAL V2 FINAL/DXTK-Sample-Practice/C++/GraphicsManager.cpp
C:/Kevin Barr MSc/RTG FINAL FINAL V2 FINAL/DXTK-Sample-Practice/C++/InputManager.cpp
C:/Kevin Barr MSc/RTG FINAL FINAL V2 FINAL/DXTK-Sample-Practice/C++/TimeManager.cpp
C:/Kevin Barr MSc/RTG FINAL FINAL V2 FINAL/DXTK-Sample-Practice/C++/Dome.cpp
C:/Kevin Barr MSc/RTG FINAL FINAL V2 FINAL/DXTK-Sample-Practice/C++/Dragonfly.cpp
C:/Kevin Barr MSc/RTG FINAL FINAL V2 FINAL/DXTK-Sample-Practice/C++/GameObject.cpp
C:/Kevin Barr MSc/RTG FINAL FINAL V2 FINAL/DXTK-Sample-Practice/C++/Platform.cpp
C:/Kevin Barr MSc/RTG FINAL FINAL V2 FINAL/DXTK-Sample-Practice/C++/Twig.cpp
C:/Kevin Barr MSc/RTG FINAL FINAL V2 FINAL/DXTK-Sample-Practice/C++/Transform.cpp
C:/Kevin Barr MSc/RTG FINAL FINAL V2 FINAL/DXTK-Sample-Practice/C++/main.cpp
