C:/Kevin Barr MSc/RTG FINAL FINAL V2 FINAL/DXTK-Sample-Practice/C++/stdafx.cpp
C:/Kevin Barr MSc/RTG FINAL FINAL V2 FINAL/DXTK-Sample-Practice/C++/stdafx.h
C:/Kevin Barr MSc/RTG FINAL FINAL V2 FINAL/DXTK-Sample-Practice/C++/resource.h
C:/Kevin Barr MSc/RTG FINAL FINAL V2 FINAL/DXTK-Sample-Practice/C++/Game.h
C:/Kevin Barr MSc/RTG FINAL FINAL V2 FINAL/DXTK-Sample-Practice/C++/Camera.h
C:/Kevin Barr MSc/RTG FINAL FINAL V2 FINAL/DXTK-Sample-Practice/C++/DXTKModule.h
C:/Kevin Barr MSc/RTG FINAL FINAL V2 FINAL/DXTK-Sample-Practice/C++/Window.h
C:/Kevin Barr MSc/RTG FINAL FINAL V2 FINAL/DXTK-Sample-Practice/C++/CameraManager.h
C:/Kevin Barr MSc/RTG FINAL FINAL V2 FINAL/DXTK-Sample-Practice/C++/GraphicsManager.h
C:/Kevin Barr MSc/RTG FINAL FINAL V2 FINAL/DXTK-Sample-Practice/C++/InputManager.h
C:/Kevin Barr MSc/RTG FINAL FINAL V2 FINAL/DXTK-Sample-Practice/C++/TimeManager.h
C:/Kevin Barr MSc/RTG FINAL FINAL V2 FINAL/DXTK-Sample-Practice/C++/Dome.h
C:/Kevin Barr MSc/RTG FINAL FINAL V2 FINAL/DXTK-Sample-Practice/C++/Dragonfly.h
C:/Kevin Barr MSc/RTG FINAL FINAL V2 FINAL/DXTK-Sample-Practice/C++/GameObject.h
C:/Kevin Barr MSc/RTG FINAL FINAL V2 FINAL/DXTK-Sample-Practice/C++/Platform.h
C:/Kevin Barr MSc/RTG FINAL FINAL V2 FINAL/DXTK-Sample-Practice/C++/Twig.h
C:/Kevin Barr MSc/RTG FINAL FINAL V2 FINAL/DXTK-Sample-Practice/C++/Transform.h
C:/Kevin Barr MSc/RTG FINAL FINAL V2 FINAL/DXTK-Sample-Practice/C++/Game.cpp
C:/Kevin Barr MSc/RTG FINAL FINAL V2 FINAL/DXTK-Sample-Practice/C++/Camera.cpp
C:/Kevin Barr MSc/RTG FINAL FINAL V2 FINAL/DXTK-Sample-Practice/C++/DXTKModule.cpp
C:/Kevin Barr MSc/RTG FINAL FINAL V2 FINAL/DXTK-Sample-Practice/C++/Window.cpp
C:/Kevin Barr MSc/RTG FINAL FINAL V2 FINAL/DXTK-Sample-Practice/C++/CameraManager.cpp
C:/Kevin Barr MSc/RTG FINAL FINAL V2 FINAL/DXTK-Sample-Practice/C++/GraphicsManager.cpp
C:/Kevin Barr MSc/RTG FINAL FINAL V2 FINAL/DXTK-Sample-Practice/C++/InputManager.cpp
C:/Kevin Barr MSc/RTG FINAL FINAL V2 FINAL/DXTK-Sample-Practice/C++/TimeManager.cpp
C:/Kevin Barr MSc/RTG FINAL FINAL V2 FINAL/DXTK-Sample-Practice/C++/Dome.cpp
C:/Kevin Barr MSc/RTG FINAL FINAL V2 FINAL/DXTK-Sample-Practice/C++/Dragonfly.cpp
C:/Kevin Barr MSc/RTG FINAL FINAL V2 FINAL/DXTK-Sample-Practice/C++/GameObject.cpp
C:/Kevin Barr MSc/RTG FINAL FINAL V2 FINAL/DXTK-Sample-Practice/C++/Platform.cpp
C:/Kevin Barr MSc/RTG FINAL FINAL V2 FINAL/DXTK-Sample-Practice/C++/Twig.cpp
C:/Kevin Barr MSc/RTG FINAL FINAL V2 FINAL/DXTK-Sample-Practice/C++/Transform.cpp
C:/Kevin Barr MSc/RTG FINAL FINAL V2 FINAL/DXTK-Sample-Practice/C++/main.cpp
C:/Kevin Barr MSc/RTG FINAL FINAL V2 FINAL/DXTK-Sample-Practice/C++/Keyboard.h
C:/Kevin Barr MSc/RTG FINAL FINAL V2 FINAL/DXTK-Sample-Practice/C++/Mouse.h
C:/Kevin Barr MSc/RTG FINAL FINAL V2 FINAL/DXTK-Sample-Practice/C++/DirectXTK/Inc/CommonStates.h
C:/Kevin Barr MSc/RTG FINAL FINAL V2 FINAL/DXTK-Sample-Practice/C++/DirectXTK/Inc/DDSTextureLoader.h
C:/Kevin Barr MSc/RTG FINAL FINAL V2 FINAL/DXTK-Sample-Practice/C++/DirectXTK/Inc/DirectXHelpers.h
C:/Kevin Barr MSc/RTG FINAL FINAL V2 FINAL/DXTK-Sample-Practice/C++/DirectXTK/Inc/Effects.h
C:/Kevin Barr MSc/RTG FINAL FINAL V2 FINAL/DXTK-Sample-Practice/C++/DirectXTK/Inc/GamePad.h
C:/Kevin Barr MSc/RTG FINAL FINAL V2 FINAL/DXTK-Sample-Practice/C++/DirectXTK/Inc/GeometricPrimitive.h
C:/Kevin Barr MSc/RTG FINAL FINAL V2 FINAL/DXTK-Sample-Practice/C++/DirectXTK/Inc/Model.h
C:/Kevin Barr MSc/RTG FINAL FINAL V2 FINAL/DXTK-Sample-Practice/C++/DirectXTK/Inc/SimpleMath.h
C:/Kevin Barr MSc/RTG FINAL FINAL V2 FINAL/DXTK-Sample-Practice/C++/DirectXTK/Inc/ScreenGrab.h
C:/Kevin Barr MSc/RTG FINAL FINAL V2 FINAL/DXTK-Sample-Practice/C++/DirectXTK/Inc/SpriteBatch.h
C:/Kevin Barr MSc/RTG FINAL FINAL V2 FINAL/DXTK-Sample-Practice/C++/DirectXTK/Inc/PrimitiveBatch.h
C:/Kevin Barr MSc/RTG FINAL FINAL V2 FINAL/DXTK-Sample-Practice/C++/DirectXTK/Inc/SpriteFont.h
C:/Kevin Barr MSc/RTG FINAL FINAL V2 FINAL/DXTK-Sample-Practice/C++/DirectXTK/Inc/VertexTypes.h
C:/Kevin Barr MSc/RTG FINAL FINAL V2 FINAL/DXTK-Sample-Practice/C++/DirectXTK/Inc/WICTextureLoader.h
C:/Kevin Barr MSc/RTG FINAL FINAL V2 FINAL/DXTK-Sample-Practice/C++/DirectXTK/StepTimer.h
C:/Kevin Barr MSc/RTG FINAL FINAL V2 FINAL/DXTK-Sample-Practice/C++/Keyboard.cpp
C:/Kevin Barr MSc/RTG FINAL FINAL V2 FINAL/DXTK-Sample-Practice/C++/Mouse.cpp
C:/Kevin Barr MSc/RTG FINAL FINAL V2 FINAL/DXTK-Sample-Practice/C++/DirectXTK/Src/AlphaTestEffect.cpp
C:/Kevin Barr MSc/RTG FINAL FINAL V2 FINAL/DXTK-Sample-Practice/C++/DirectXTK/Src/BasicEffect.cpp
C:/Kevin Barr MSc/RTG FINAL FINAL V2 FINAL/DXTK-Sample-Practice/C++/DirectXTK/Src/CommonStates.cpp
C:/Kevin Barr MSc/RTG FINAL FINAL V2 FINAL/DXTK-Sample-Practice/C++/DirectXTK/Src/DDSTextureLoader.cpp
C:/Kevin Barr MSc/RTG FINAL FINAL V2 FINAL/DXTK-Sample-Practice/C++/DirectXTK/Src/DGSLEffect.cpp
C:/Kevin Barr MSc/RTG FINAL FINAL V2 FINAL/DXTK-Sample-Practice/C++/DirectXTK/Src/DGSLEffectFactory.cpp
C:/Kevin Barr MSc/RTG FINAL FINAL V2 FINAL/DXTK-Sample-Practice/C++/DirectXTK/Src/DualTextureEffect.cpp
C:/Kevin Barr MSc/RTG FINAL FINAL V2 FINAL/DXTK-Sample-Practice/C++/DirectXTK/Src/BinaryReader.cpp
C:/Kevin Barr MSc/RTG FINAL FINAL V2 FINAL/DXTK-Sample-Practice/C++/DirectXTK/Src/EffectCommon.cpp
C:/Kevin Barr MSc/RTG FINAL FINAL V2 FINAL/DXTK-Sample-Practice/C++/DirectXTK/Src/EffectFactory.cpp
C:/Kevin Barr MSc/RTG FINAL FINAL V2 FINAL/DXTK-Sample-Practice/C++/DirectXTK/Src/EnvironmentMapEffect.cpp
C:/Kevin Barr MSc/RTG FINAL FINAL V2 FINAL/DXTK-Sample-Practice/C++/DirectXTK/Src/GamePad.cpp
C:/Kevin Barr MSc/RTG FINAL FINAL V2 FINAL/DXTK-Sample-Practice/C++/DirectXTK/Src/GeometricPrimitive.cpp
C:/Kevin Barr MSc/RTG FINAL FINAL V2 FINAL/DXTK-Sample-Practice/C++/DirectXTK/Src/Model.cpp
C:/Kevin Barr MSc/RTG FINAL FINAL V2 FINAL/DXTK-Sample-Practice/C++/DirectXTK/Src/ModelLoadCMO.cpp
C:/Kevin Barr MSc/RTG FINAL FINAL V2 FINAL/DXTK-Sample-Practice/C++/DirectXTK/Src/ModelLoadSDKMESH.cpp
C:/Kevin Barr MSc/RTG FINAL FINAL V2 FINAL/DXTK-Sample-Practice/C++/DirectXTK/Src/ModelLoadVBO.cpp
C:/Kevin Barr MSc/RTG FINAL FINAL V2 FINAL/DXTK-Sample-Practice/C++/DirectXTK/Src/pch.cpp
C:/Kevin Barr MSc/RTG FINAL FINAL V2 FINAL/DXTK-Sample-Practice/C++/DirectXTK/Src/ScreenGrab.cpp
C:/Kevin Barr MSc/RTG FINAL FINAL V2 FINAL/DXTK-Sample-Practice/C++/DirectXTK/Src/SimpleMath.cpp
C:/Kevin Barr MSc/RTG FINAL FINAL V2 FINAL/DXTK-Sample-Practice/C++/DirectXTK/Src/SkinnedEffect.cpp
C:/Kevin Barr MSc/RTG FINAL FINAL V2 FINAL/DXTK-Sample-Practice/C++/DirectXTK/Src/SpriteBatch.cpp
C:/Kevin Barr MSc/RTG FINAL FINAL V2 FINAL/DXTK-Sample-Practice/C++/DirectXTK/Src/PrimitiveBatch.cpp
C:/Kevin Barr MSc/RTG FINAL FINAL V2 FINAL/DXTK-Sample-Practice/C++/DirectXTK/Src/SpriteFont.cpp
C:/Kevin Barr MSc/RTG FINAL FINAL V2 FINAL/DXTK-Sample-Practice/C++/DirectXTK/Src/VertexTypes.cpp
C:/Kevin Barr MSc/RTG FINAL FINAL V2 FINAL/DXTK-Sample-Practice/C++/DirectXTK/Src/WICTextureLoader.cpp
C:/Kevin Barr MSc/RTG FINAL FINAL V2 FINAL/DXTK-Sample-Practice/C++/PlatformHelpers.h
C:/Kevin Barr MSc/RTG FINAL FINAL V2 FINAL/DXTK-Sample-Practice/C++/DirectXTK/Src/AlignedNew.h
C:/Kevin Barr MSc/RTG FINAL FINAL V2 FINAL/DXTK-Sample-Practice/C++/DirectXTK/Src/Bezier.h
C:/Kevin Barr MSc/RTG FINAL FINAL V2 FINAL/DXTK-Sample-Practice/C++/DirectXTK/Src/ConstantBuffer.h
C:/Kevin Barr MSc/RTG FINAL FINAL V2 FINAL/DXTK-Sample-Practice/C++/DirectXTK/Src/BinaryReader.h
C:/Kevin Barr MSc/RTG FINAL FINAL V2 FINAL/DXTK-Sample-Practice/C++/DirectXTK/Src/DemandCreate.h
C:/Kevin Barr MSc/RTG FINAL FINAL V2 FINAL/DXTK-Sample-Practice/C++/DirectXTK/Src/EffectCommon.h
C:/Kevin Barr MSc/RTG FINAL FINAL V2 FINAL/DXTK-Sample-Practice/C++/DirectXTK/Src/pch.h
C:/Kevin Barr MSc/RTG FINAL FINAL V2 FINAL/DXTK-Sample-Practice/C++/DirectXTK/Src/SharedResourcePool.h
C:/Kevin Barr MSc/RTG FINAL FINAL V2 FINAL/DXTK-Sample-Practice/C++/DirectXTK/Src/DDS.h
